C:/Users/Newton/Desktop/STM32F103C8_PROJECTS/AgentDeployment/CMSIS/Include/core_cm3.h:1511:22:__NVIC_EnableIRQ	16	static
C:/Users/Newton/Desktop/STM32F103C8_PROJECTS/AgentDeployment/CMSIS/Include/core_cm3.h:1639:22:__NVIC_SetPriority	16	static
../Peripherals/Src/timer.c:18:6:timer2_Basic_Init	4	static
../Peripherals/Src/timer.c:47:6:timer2_start	4	static
../Peripherals/Src/timer.c:55:6:timer2_stop	4	static
../Peripherals/Src/timer.c:63:6:timer3_Basic_Init	8	static
../Peripherals/Src/timer.c:90:6:timer4_encoderMode_Init	8	static
../Peripherals/Src/timer.c:134:6:timer4_start	4	static
../Peripherals/Src/timer.c:140:6:timer4_stop	4	static
../Peripherals/Src/timer.c:146:6:TIM3_IRQHandler	4	static
../Peripherals/Src/timer.c:159:6:TIM4_IRQHandler	4	static
